Loading weights:   0%|          | 0/311 [00:00<?, ?it/s]Loading weights: 100%|██████████| 311/311 [00:00<00:00, 14304.51it/s]
LoRA params: 0.00M  (backbone FROZEN) | dtype=bf16
memory params: 0.131M (flat)
[transformers] Token indices sequence length is longer than the specified maximum sequence length for this model (1033748 > 131072). Running this sequence through the model will result in indexing errors
train 376 / eval 24 | seg=512 k=32 (16:1)

[init] upper=3.4589 lower=3.9512 mem=8.9645
       gap=0.4923 nats  recovery=-1018.4%

[  50] k= 32 up=3.459 low=3.951 mem=7.5591 gap=0.492 recovery=-732.9% | k16:-766% k32:-733% k72:+3% k128:-24% | 36s
[ 100] k= 32 up=3.459 low=3.951 mem=6.0344 gap=0.492 recovery=-423.2% | k16:-557% k32:-423% k72:+38% k128:+19% | 73s
[ 150] k= 32 up=3.459 low=3.951 mem=5.4286 gap=0.492 recovery=-300.1% | k16:-406% k32:-300% k72:+53% k128:+47% | 109s
[ 200] k= 32 up=3.459 low=3.951 mem=5.3984 gap=0.492 recovery=-294.0% | k16:-371% k32:-294% k72:+57% k128:+51% | 145s
[ 250] k= 32 up=3.459 low=3.951 mem=5.1309 gap=0.492 recovery=-239.6% | k16:-297% k32:-240% k72:+67% k128:+67% | 182s
[ 300] k= 32 up=3.459 low=3.951 mem=4.9685 gap=0.492 recovery=-206.7% | k16:-251% k32:-207% k72:+68% k128:+70% | 218s
[ 350] k= 32 up=3.459 low=3.951 mem=4.9121 gap=0.492 recovery=-195.2% | k16:-229% k32:-195% k72:+67% k128:+70% | 254s
[ 400] k= 32 up=3.459 low=3.951 mem=4.8046 gap=0.492 recovery=-173.4% | k16:-202% k32:-173% k72:+70% k128:+71% | 291s
[ 450] k= 32 up=3.459 low=3.951 mem=4.7308 gap=0.492 recovery=-158.4% | k16:-189% k32:-158% k72:+70% k128:+72% | 327s
[ 500] k= 32 up=3.459 low=3.951 mem=4.6549 gap=0.492 recovery=-142.9% | k16:-181% k32:-143% k72:+75% k128:+76% | 364s
[ 550] k= 32 up=3.459 low=3.951 mem=4.6348 gap=0.492 recovery=-138.9% | k16:-169% k32:-139% k72:+73% k128:+75% | 400s
[ 600] k= 32 up=3.459 low=3.951 mem=4.5952 gap=0.492 recovery=-130.8% | k16:-157% k32:-131% k72:+76% k128:+78% | 436s
[ 650] k= 32 up=3.459 low=3.951 mem=4.5578 gap=0.492 recovery=-123.2% | k16:-148% k32:-123% k72:+77% k128:+79% | 473s
[ 700] k= 32 up=3.459 low=3.951 mem=4.5783 gap=0.492 recovery=-127.4% | k16:-159% k32:-127% k72:+77% k128:+79% | 509s
[ 750] k= 32 up=3.459 low=3.951 mem=4.5047 gap=0.492 recovery=-112.4% | k16:-143% k32:-112% k72:+80% k128:+82% | 546s
[ 800] k= 32 up=3.459 low=3.951 mem=4.5088 gap=0.492 recovery=-113.3% | k16:-144% k32:-113% k72:+81% k128:+83% | 582s
[ 850] k= 32 up=3.459 low=3.951 mem=4.4414 gap=0.492 recovery=-99.6% | k16:-132% k32:-100% k72:+79% k128:+81% | 619s
[ 900] k= 32 up=3.459 low=3.951 mem=4.4359 gap=0.492 recovery=-98.5% | k16:-130% k32:-98% k72:+82% k128:+85% | 655s
[ 950] k= 32 up=3.459 low=3.951 mem=4.4090 gap=0.492 recovery=-93.0% | k16:-127% k32:-93% k72:+81% k128:+84% | 692s
[1000] k= 32 up=3.459 low=3.951 mem=4.4083 gap=0.492 recovery=-92.9% | k16:-126% k32:-93% k72:+83% k128:+85% | 728s
[1050] k= 32 up=3.459 low=3.951 mem=4.3748 gap=0.492 recovery=-86.1% | k16:-119% k32:-86% k72:+84% k128:+86% | 765s
[1100] k= 32 up=3.459 low=3.951 mem=4.3451 gap=0.492 recovery=-80.0% | k16:-112% k32:-80% k72:+84% k128:+87% | 801s
[1150] k= 32 up=3.459 low=3.951 mem=4.2872 gap=0.492 recovery=-68.3% | k16:-98% k32:-68% k72:+85% k128:+88% | 838s
[1200] k= 32 up=3.459 low=3.951 mem=4.1754 gap=0.492 recovery=-45.5% | k16:-79% k32:-46% k72:+85% k128:+88% | 874s
[1250] k= 32 up=3.459 low=3.951 mem=4.0338 gap=0.492 recovery=-16.8% | k16:-57% k32:-17% k72:+86% k128:+88% | 911s
[1300] k= 32 up=3.459 low=3.951 mem=3.9643 gap=0.492 recovery=-2.7% | k16:-45% k32:-3% k72:+86% k128:+89% | 947s
[1350] k= 32 up=3.459 low=3.951 mem=3.9623 gap=0.492 recovery=-2.3% | k16:-45% k32:-2% k72:+87% k128:+89% | 983s
[1400] k= 32 up=3.459 low=3.951 mem=3.9089 gap=0.492 recovery=+8.6% | k16:-35% k32:+9% k72:+87% k128:+89% | 1020s
[1450] k= 32 up=3.459 low=3.951 mem=3.8995 gap=0.492 recovery=+10.5% | k16:-33% k32:+10% k72:+87% k128:+89% | 1056s
[1500] k= 32 up=3.459 low=3.951 mem=3.8986 gap=0.492 recovery=+10.7% | k16:-33% k32:+11% k72:+87% k128:+89% | 1093s

saved out/memtok_k32_frozen.json
