=== deep400 20:45:08 ===
[ 400] k= 32 up=3.459 low=3.951 mem=3.5090 gap=0.492 recovery=+89.8% | k16:-172% k32:+90% k72:+104% k128:+103% | 296s
=== fixed32 20:50:18 ===
[ 400] k= 32 up=3.459 low=3.951 mem=4.1384 gap=0.492 recovery=-38.0% | 219s
=== fixed32_1000 20:54:11 ===
[1000] k= 32 up=3.459 low=3.951 mem=3.5659 gap=0.492 recovery=+78.3% | 567s
=== fixed16 21:03:53 ===
[ 400] k= 16 up=3.455 low=3.951 mem=3.8314 gap=0.496 recovery=+24.2% | 226s
=== done 21:07:58 ===
deep400            [ 400] k= 32 up=3.459 low=3.951 mem=3.5090 gap=0.492 recovery=+89.8% | k16:-172% k32:+90% k72:+104% k128:+103% | 296s
deep5e-3           
fixed16            [ 400] k= 16 up=3.455 low=3.951 mem=3.8314 gap=0.496 recovery=+24.2% | 226s
fixed32_1000       [ 950] k= 32 up=3.459 low=3.951 mem=3.5650 gap=0.492 recovery=+78.5% | 538s
fixed32            [ 400] k= 32 up=3.459 low=3.951 mem=4.1384 gap=0.492 recovery=-38.0% | 219s
long1500           [ 950] k= 32 up=3.459 low=3.951 mem=4.4090 gap=0.492 recovery=-93.0% | k16:-127% k32:-93% k72:+81% k128:+84% | 692s
lora5e-3           [ 400] k= 32 up=3.037 low=3.370 mem=3.3435 gap=0.332 recovery=+7.9% | k16:+6% k32:+8% k72:+7% k128:+4% | 378s
lr1e-3             [ 400] k= 32 up=3.459 low=3.951 mem=5.1638 gap=0.492 recovery=-246.3% | k16:-292% k32:-246% k72:+67% k128:+69% | 309s
lr2e-2             [ 400] k= 32 up=3.459 low=3.951 mem=4.5608 gap=0.492 recovery=-123.8% | k16:-226% k32:-124% k72:+68% k128:+58% | 298s
lr3e-3             [ 400] k= 32 up=3.459 low=3.951 mem=3.6936 gap=0.492 recovery=+52.3% | k16:-313% k32:+52% k72:+73% k128:+74% | 291s
lr5e-3             [ 400] k= 32 up=3.459 low=3.951 mem=3.6255 gap=0.492 recovery=+66.2% | k16:+44% k32:+66% k72:+71% k128:+73% | 309s
lr8e-3             [ 400] k= 32 up=3.459 low=3.951 mem=3.6592 gap=0.492 recovery=+59.3% | k16:+48% k32:+59% k72:+67% k128:+71% | 291s
