Loading weights:   0%|          | 0/311 [00:00<?, ?it/s]Loading weights: 100%|██████████| 311/311 [00:00<00:00, 12523.20it/s]
12 windows | 16 hops over 8192 tokens
budget 576 = 512 anchors + 64 abstract (14:1)

upper (all 8192 KV) CE=2.9506
lower (nothing)      CE=4.0267   gap=1.0762 nats
anchors actually placed: 512.0 of 512 requested

  anchor overlap with the oracle's choice: 8.6%

  condition                        CE   recovery
  ----------------------------------------------
  576 abstract (compact pos)   3.3791    +60.2%
  576 abstract (accum pos)     3.3380    +64.0%
  512 anchors only             3.8771    +13.9%
  512 anchors + 64 abstract    3.2909    +68.4%
  512 QUERY + 64 abstract      3.2533    +71.9%
  512 QUERY re-retrieved/0     0.0000   +374.2%
  512 SURPRISAL + 64 abstract   3.2771    +69.7%
  SURPRISAL512->QUERY512 + 64   3.2771    +69.7%
  SPECULATIVE r1 1x16 + 64     3.2642    +70.9%
    ^ same anchors, state=LAST SEG only   3.2258    +74.4%
    ^ same anchors, NO state   3.6904    +31.3%
    ^ same anchors, RANDOM state   5.0652    -96.5%
  512 ORACLE anchors only      3.4020    +58.1%
  512 ORACLE + 64 abstract     3.0047    +95.0%

=== split by topic spread ===
  single-topic  spread=0.029 gap=0.995  abstract +75.8%  surprisal +79.3%  specul +80.4%  oracle +100.3%
  multi-topic   spread=0.041 gap=1.157  abstract +53.9%  surprisal +61.4%  specul +62.6%  oracle +90.4%
Loading weights:   0%|          | 0/311 [00:00<?, ?it/s]Loading weights: 100%|██████████| 311/311 [00:00<00:00, 10960.29it/s]
12 windows | 16 hops over 8192 tokens
budget 576 = 512 anchors + 64 abstract (14:1)

upper (all 8192 KV) CE=2.9506
lower (nothing)      CE=4.0267   gap=1.0762 nats
anchors actually placed: 512.0 of 512 requested

  anchor overlap with the oracle's choice: 8.6%

  condition                        CE   recovery
  ----------------------------------------------
  576 abstract (compact pos)   3.3791    +60.2%
  576 abstract (accum pos)     3.3380    +64.0%
  512 anchors only             3.8771    +13.9%
  512 anchors + 64 abstract    3.2909    +68.4%
  512 QUERY + 64 abstract      3.2533    +71.9%
  512 QUERY re-retrieved/0     0.0000   +374.2%
  512 SURPRISAL + 64 abstract   3.2771    +69.7%
  SURPRISAL512->QUERY512 + 64   3.2771    +69.7%
  SPECULATIVE r1 1x16 + 64     3.2642    +70.9%
    ^ same anchors, state=LAST SEG only   3.2258    +74.4%
    ^ same anchors, NO state   3.6904    +31.3%
    ^ same anchors, RANDOM state   4.6630    -59.1%
  512 ORACLE anchors only      3.4020    +58.1%
  512 ORACLE + 64 abstract     3.0047    +95.0%

=== split by topic spread ===
  single-topic  spread=0.029 gap=0.995  abstract +75.8%  surprisal +79.3%  specul +80.4%  oracle +100.3%
  multi-topic   spread=0.041 gap=1.157  abstract +53.9%  surprisal +61.4%  specul +62.6%  oracle +90.4%
